# serializer version: 1
# name: test_parse_balance_file[Balance file]
  '''
  ,BA,D,NG,OIL,COL,WAT,GAS,NUC,OTH,SUN,UNK,WND,TI,period
  0,AEC,497,681,,139,1,536,,5,,,,184,07/01/2020 6:00:00 AM
  1,AEC,488,642,,138,0,500,,4,,,,133,07/01/2020 7:00:00 AM
  2,AEC,466,609,,135,0,470,,4,,,,119,07/01/2020 8:00:00 AM
  3,AEC,455,585,,139,0,442,,4,,,,106,07/01/2020 9:00:00 AM
  4,AEC,459,583,,137,0,442,,4,,,,100,07/01/2020 10:00:00 AM
  5,AEC,469,609,,138,0,467,,4,,,,116,07/01/2020 11:00:00 AM
  6,AEC,492,585,,138,0,443,,4,,,,69,07/01/2020 12:00:00 PM
  7,AEC,516,634,,136,0,494,,4,,,,113,07/01/2020 1:00:00 PM
  8,AEC,569,665,,157,1,503,,4,,,,96,07/01/2020 2:00:00 PM
  
  '''
# ---
# name: test_parse_interchange_file[Interchange file]
  '''
  ,value,period,BA,BA2,column
  0,-391,2022-01-01T07,AECI,MISO,E_AECI-MISO_ID
  1,114,2022-01-01T07,AECI,SPA,E_AECI-SPA_ID
  2,-221,2022-01-01T07,AECI,SWPP,E_AECI-SWPP_ID
  3,233,2022-01-01T07,AECI,TVA,E_AECI-TVA_ID
  4,-361,2022-01-01T08,AECI,MISO,E_AECI-MISO_ID
  5,107,2022-01-01T08,AECI,SPA,E_AECI-SPA_ID
  6,-146,2022-01-01T08,AECI,SWPP,E_AECI-SWPP_ID
  7,231,2022-01-01T08,AECI,TVA,E_AECI-TVA_ID
  8,-276,2022-01-01T09,AECI,MISO,E_AECI-MISO_ID
  
  '''
# ---
